[    0.000000] Linux version 4.15.0-54-generic (buildd@lgw01-amd64-014) (gcc version 7.4.0 (Ubuntu 7.4.0-1ubuntu1~18.04.1)) #58-Ubuntu SMP Mon Jun 24 10:55:24 UTC 2019 (Ubuntu 4.15.0-54.58-generic 4.15.18)
[    0.000000] Command line: BOOT_IMAGE=/boot/vmlinuz-4.15.0-54-generic root=LABEL=cloudimg-rootfs ro console=tty1 console=ttyS0
[    0.000000] KERNEL supported cpus:
[    0.000000]   Intel GenuineIntel
[    0.000000]   AMD AuthenticAMD
[    0.000000]   Centaur CentaurHauls
[    0.000000] x86/fpu: Supporting XSAVE feature 0x001: 'x87 floating point registers'
[    0.000000] x86/fpu: Supporting XSAVE feature 0x002: 'SSE registers'
[    0.000000] x86/fpu: Supporting XSAVE feature 0x004: 'AVX registers'
[    0.000000] x86/fpu: xstate_offset[2]:  576, xstate_sizes[2]:  256
[    0.000000] x86/fpu: Enabled xstate features 0x7, context size is 832 bytes, using 'standard' format.
[    0.000000] e820: BIOS-provided physical RAM map:
[    0.000000] BIOS-e820: [mem 0x0000000000000000-0x000000000009fbff] usable
[    0.000000] BIOS-e820: [mem 0x000000000009fc00-0x000000000009ffff] reserved
[    0.000000] BIOS-e820: [mem 0x00000000000f0000-0x00000000000fffff] reserved
[    0.000000] BIOS-e820: [mem 0x0000000000100000-0x000000003ffeffff] usable
[    0.000000] BIOS-e820: [mem 0x000000003fff0000-0x000000003fffffff] ACPI data
[    0.000000] BIOS-e820: [mem 0x00000000fec00000-0x00000000fec00fff] reserved
[    0.000000] BIOS-e820: [mem 0x00000000fee00000-0x00000000fee00fff] reserved
[    0.000000] BIOS-e820: [mem 0x00000000fffc0000-0x00000000ffffffff] reserved
[    0.000000] NX (Execute Disable) protection: active
[    0.000000] SMBIOS 2.5 present.
[    0.000000] DMI: innotek GmbH VirtualBox/VirtualBox, BIOS VirtualBox 12/01/2006
[    0.000000] Hypervisor detected: KVM
[    0.000000] e820: last_pfn = 0x3fff0 max_arch_pfn = 0x400000000
[    0.000000] MTRR: Disabled
[    0.000000] x86/PAT: MTRRs disabled, skipping PAT initialization too.
[    0.000000] CPU MTRRs all blank - virtualized system.
[    0.000000] x86/PAT: Configuration [0-7]: WB  WT  UC- UC  WB  WT  UC- UC  
[    0.000000] found SMP MP-table at [mem 0x0009fff0-0x0009ffff] mapped at [        (ptrval)]
[    0.000000] Scanning 1 areas for low memory corruption
[    0.000000] RAMDISK: [mem 0x35a93000-0x36d40fff]
[    0.000000] ACPI: Early table checksum verification disabled
[    0.000000] ACPI: RSDP 0x00000000000E0000 000024 (v02 VBOX  )
[    0.000000] ACPI: XSDT 0x000000003FFF0030 00003C (v01 VBOX   VBOXXSDT 00000001 ASL  00000061)
[    0.000000] ACPI: FACP 0x000000003FFF00F0 0000F4 (v04 VBOX   VBOXFACP 00000001 ASL  00000061)
[    0.000000] ACPI: DSDT 0x000000003FFF0470 0022EA (v02 VBOX   VBOXBIOS 00000002 INTL 20100528)
[    0.000000] ACPI: FACS 0x000000003FFF0200 000040
[    0.000000] ACPI: FACS 0x000000003FFF0200 000040
[    0.000000] ACPI: APIC 0x000000003FFF0240 00005C (v02 VBOX   VBOXAPIC 00000001 ASL  00000061)
[    0.000000] ACPI: SSDT 0x000000003FFF02A0 0001CC (v01 VBOX   VBOXCPUT 00000002 INTL 20100528)
[    0.000000] No NUMA configuration found
[    0.000000] Faking a node at [mem 0x0000000000000000-0x000000003ffeffff]
[    0.000000] NODE_DATA(0) allocated [mem 0x3ffc5000-0x3ffeffff]
[    0.000000] kvm-clock: cpu 0, msr 0:3ff44001, primary cpu clock
[    0.000000] kvm-clock: Using msrs 4b564d01 and 4b564d00
[    0.000000] kvm-clock: using sched offset of 4245079307 cycles
[    0.000000] clocksource: kvm-clock: mask: 0xffffffffffffffff max_cycles: 0x1cd42e4dffb, max_idle_ns: 881590591483 ns
[    0.000000] Zone ranges:
[    0.000000]   DMA      [mem 0x0000000000001000-0x0000000000ffffff]
[    0.000000]   DMA32    [mem 0x0000000001000000-0x000000003ffeffff]
[    0.000000]   Normal   empty
[    0.000000]   Device   empty
[    0.000000] Movable zone start for each node
[    0.000000] Early memory node ranges
[    0.000000]   node   0: [mem 0x0000000000001000-0x000000000009efff]
[    0.000000]   node   0: [mem 0x0000000000100000-0x000000003ffeffff]
[    0.000000] Reserved but unavailable: 114 pages
[    0.000000] Initmem setup node 0 [mem 0x0000000000001000-0x000000003ffeffff]
[    0.000000] ACPI: PM-Timer IO Port: 0x4008
[    0.000000] IOAPIC[0]: apic_id 2, version 32, address 0xfec00000, GSI 0-23
[    0.000000] ACPI: INT_SRC_OVR (bus 0 bus_irq 0 global_irq 2 dfl dfl)
[    0.000000] ACPI: INT_SRC_OVR (bus 0 bus_irq 9 global_irq 9 low level)
[    0.000000] Using ACPI (MADT) for SMP configuration information
[    0.000000] smpboot: Allowing 2 CPUs, 0 hotplug CPUs
[    0.000000] PM: Registered nosave memory: [mem 0x00000000-0x00000fff]
[    0.000000] PM: Registered nosave memory: [mem 0x0009f000-0x0009ffff]
[    0.000000] PM: Registered nosave memory: [mem 0x000a0000-0x000effff]
[    0.000000] PM: Registered nosave memory: [mem 0x000f0000-0x000fffff]
[    0.000000] e820: [mem 0x40000000-0xfebfffff] available for PCI devices
[    0.000000] Booting paravirtualized kernel on KVM
[    0.000000] clocksource: refined-jiffies: mask: 0xffffffff max_cycles: 0xffffffff, max_idle_ns: 7645519600211568 ns
[    0.000000] random: get_random_bytes called from start_kernel+0x99/0x4fd with crng_init=0
[    0.000000] setup_percpu: NR_CPUS:8192 nr_cpumask_bits:2 nr_cpu_ids:2 nr_node_ids:1
[    0.000000] percpu: Embedded 46 pages/cpu @        (ptrval) s151552 r8192 d28672 u1048576
[    0.000000] PV qspinlock hash table entries: 256 (order: 0, 4096 bytes)
[    0.000000] Built 1 zonelists, mobility grouping on.  Total pages: 257913
[    0.000000] Policy zone: DMA32
[    0.000000] Kernel command line: BOOT_IMAGE=/boot/vmlinuz-4.15.0-54-generic root=LABEL=cloudimg-rootfs ro console=tty1 console=ttyS0
[    0.000000] Memory: 983456K/1048120K available (12300K kernel code, 2473K rwdata, 4272K rodata, 2408K init, 2416K bss, 64664K reserved, 0K cma-reserved)
[    0.000000] SLUB: HWalign=64, Order=0-3, MinObjects=0, CPUs=2, Nodes=1
[    0.000000] Kernel/User page tables isolation: enabled
[    0.000000] ftrace: allocating 39216 entries in 154 pages
[    0.004000] Hierarchical RCU implementation.
[    0.004000] 	RCU restricting CPUs from NR_CPUS=8192 to nr_cpu_ids=2.
[    0.004000] 	Tasks RCU enabled.
[    0.004000] RCU: Adjusting geometry for rcu_fanout_leaf=16, nr_cpu_ids=2
[    0.004000] NR_IRQS: 524544, nr_irqs: 440, preallocated irqs: 16
[    0.004000] Console: colour VGA+ 80x25
[    0.004000] console [tty1] enabled
[    0.004000] console [ttyS0] enabled
[    0.004000] ACPI: Core revision 20170831
[    0.004000] ACPI: 2 ACPI AML tables successfully acquired and loaded
[    0.004000] APIC: Switch to symmetric I/O mode setup
[    0.004000] x2apic enabled
[    0.004000] Switched APIC routing to physical x2apic.
[    0.004000] ..TIMER: vector=0x30 apic1=0 pin1=2 apic2=-1 pin2=-1
[    0.004004] tsc: Detected 2700.000 MHz processor
[    0.004995] Calibrating delay loop (skipped) preset value.. 5400.00 BogoMIPS (lpj=10800000)
[    0.005756] pid_max: default: 32768 minimum: 301
[    0.008031] Security Framework initialized
[    0.008915] Yama: becoming mindful.
[    0.009718] AppArmor: AppArmor initialized
[    0.012000] Dentry cache hash table entries: 131072 (order: 8, 1048576 bytes)
[    0.012081] Inode-cache hash table entries: 65536 (order: 7, 524288 bytes)
[    0.016019] Mount-cache hash table entries: 2048 (order: 2, 16384 bytes)
[    0.017413] Mountpoint-cache hash table entries: 2048 (order: 2, 16384 bytes)
[    0.020079] mce: CPU supports 0 MCE banks
[    0.020980] Last level iTLB entries: 4KB 64, 2MB 8, 4MB 8
[    0.022169] Last level dTLB entries: 4KB 64, 2MB 0, 4MB 0, 1GB 4
[    0.023418] Spectre V2 : Mitigation: Full generic retpoline
[    0.024003] Spectre V2 : Spectre v2 / SpectreRSB mitigation: Filling RSB on context switch
[    0.026043] Speculative Store Bypass: Vulnerable
[    0.027157] MDS: Mitigation: Clear CPU buffers
[    0.028088] Freeing SMP alternatives memory: 36K
[    0.032000] smpboot: CPU0: Intel(R) Core(TM) i5-5257U CPU @ 2.70GHz (family: 0x6, model: 0x3d, stepping: 0x4)
[    0.032000] Performance Events: unsupported p6 CPU model 61 no PMU driver, software events only.
[    0.032073] Hierarchical SRCU implementation.
[    0.036173] NMI watchdog: Perf event create on CPU 0 failed with -2
[    0.037527] NMI watchdog: Perf NMI watchdog permanently disabled
[    0.038996] smp: Bringing up secondary CPUs ...
[    0.040081] x86: Booting SMP configuration:
[    0.041021] .... node  #0, CPUs:      #1
[    0.004000] kvm-clock: cpu 1, msr 0:3ff44041, secondary cpu clock
[    0.004000] mce: CPU supports 0 MCE banks
[    0.047202] smp: Brought up 1 node, 2 CPUs
[    0.048012] smpboot: Max logical packages: 1
[    0.048932] smpboot: Total of 2 processors activated (10800.00 BogoMIPS)
[    0.052061] devtmpfs: initialized
[    0.053598] x86/mm: Memory block size: 128MB
[    0.055202] evm: security.selinux
[    0.056009] evm: security.SMACK64
[    0.057091] evm: security.SMACK64EXEC
[    0.058267] evm: security.SMACK64TRANSMUTE
[    0.060008] evm: security.SMACK64MMAP
[    0.061379] evm: security.apparmor
[    0.063138] evm: security.ima
[    0.064007] evm: security.capability
[    0.065429] clocksource: jiffies: mask: 0xffffffff max_cycles: 0xffffffff, max_idle_ns: 7645041785100000 ns
[    0.068081] futex hash table entries: 512 (order: 3, 32768 bytes)
[    0.072140] pinctrl core: initialized pinctrl subsystem
[    0.076174] RTC time: 15:40:30, date: 10/30/19
[    0.080451] NET: Registered protocol family 16
[    0.082693] audit: initializing netlink subsys (disabled)
[    0.084086] audit: type=2000 audit(1572450035.996:1): state=initialized audit_enabled=0 res=1
[    0.088032] cpuidle: using governor ladder
[    0.089756] cpuidle: using governor menu
[    0.092117] ACPI: bus type PCI registered
[    0.093837] acpiphp: ACPI Hot Plug PCI Controller Driver version: 0.5
[    0.096279] PCI: Using configuration type 1 for base access
[    0.102127] HugeTLB registered 2.00 MiB page size, pre-allocated 0 pages
[    0.104378] ACPI: Added _OSI(Module Device)
[    0.108009] ACPI: Added _OSI(Processor Device)
[    0.109925] ACPI: Added _OSI(3.0 _SCP Extensions)
[    0.112006] ACPI: Added _OSI(Processor Aggregator Device)
[    0.114230] ACPI: Added _OSI(Linux-Dell-Video)
[    0.116007] ACPI: Added _OSI(Linux-Lenovo-NV-HDMI-Audio)
[    0.118055] ACPI: Added _OSI(Linux-HPI-Hybrid-Graphics)
[    0.120658] ACPI: Executed 1 blocks of module-level executable AML code
[    0.130880] ACPI: Interpreter enabled
[    0.132026] ACPI: (supports S0 S5)
[    0.133673] ACPI: Using IOAPIC for interrupt routing
[    0.136535] PCI: Using host bridge windows from ACPI; if necessary, use "pci=nocrs" and report a bug
[    0.140318] ACPI: Enabled 2 GPEs in block 00 to 07
[    0.149628] ACPI: PCI Root Bridge [PCI0] (domain 0000 [bus 00-ff])
[    0.151051] acpi PNP0A03:00: _OSC: OS supports [ASPM ClockPM Segments MSI]
[    0.152504] acpi PNP0A03:00: _OSC: not requesting OS control; OS requires [ExtendedConfig ASPM ClockPM MSI]
[    0.156022] acpi PNP0A03:00: fail to add MMCONFIG information, can't access extended PCI configuration space under this bridge.
[    0.160594] PCI host bridge to bus 0000:00
[    0.161644] pci_bus 0000:00: root bus resource [io  0x0000-0x0cf7 window]
[    0.163051] pci_bus 0000:00: root bus resource [io  0x0d00-0xffff window]
[    0.164005] pci_bus 0000:00: root bus resource [mem 0x000a0000-0x000bffff window]
[    0.165938] pci_bus 0000:00: root bus resource [mem 0x40000000-0xfdffffff window]
[    0.168006] pci_bus 0000:00: root bus resource [bus 00-ff]
[    0.172262] pci 0000:00:01.1: legacy IDE quirk: reg 0x10: [io  0x01f0-0x01f7]
[    0.173738] pci 0000:00:01.1: legacy IDE quirk: reg 0x14: [io  0x03f6]
[    0.175080] pci 0000:00:01.1: legacy IDE quirk: reg 0x18: [io  0x0170-0x0177]
[    0.176004] pci 0000:00:01.1: legacy IDE quirk: reg 0x1c: [io  0x0376]
[    0.202055] pci 0000:00:07.0: quirk: [io  0x4000-0x403f] claimed by PIIX4 ACPI
[    0.203865] pci 0000:00:07.0: quirk: [io  0x4100-0x410f] claimed by PIIX4 SMB
[    0.213736] ACPI: PCI Interrupt Link [LNKA] (IRQs 5 9 10 *11)
[    0.215953] ACPI: PCI Interrupt Link [LNKB] (IRQs 5 9 *10 11)
[    0.216154] ACPI: PCI Interrupt Link [LNKC] (IRQs 5 *9 10 11)
[    0.217607] ACPI: PCI Interrupt Link [LNKD] (IRQs 5 9 10 *11)
[    0.220437] SCSI subsystem initialized
[    0.221318] pci 0000:00:02.0: vgaarb: setting as boot VGA device
[    0.221412] pci 0000:00:02.0: vgaarb: VGA device added: decodes=io+mem,owns=io+mem,locks=none
[    0.224013] pci 0000:00:02.0: vgaarb: bridge control possible
[    0.225236] vgaarb: loaded
[    0.225891] ACPI: bus type USB registered
[    0.226820] usbcore: registered new interface driver usbfs
[    0.228011] usbcore: registered new interface driver hub
[    0.229140] usbcore: registered new device driver usb
[    0.230271] EDAC MC: Ver: 3.0.0
[    0.232319] PCI: Using ACPI for IRQ routing
[    0.233325] NetLabel: Initializing
[    0.234085] NetLabel:  domain hash size = 128
[    0.235082] NetLabel:  protocols = UNLABELED CIPSOv4 CALIPSO
[    0.236020] NetLabel:  unlabeled traffic allowed by default
[    0.237336] clocksource: Switched to clocksource kvm-clock
[    0.251307] VFS: Disk quotas dquot_6.6.0
[    0.252377] VFS: Dquot-cache hash table entries: 512 (order 0, 4096 bytes)
[    0.254172] AppArmor: AppArmor Filesystem Enabled
[    0.255221] pnp: PnP ACPI init
[    0.257597] pnp: PnP ACPI: found 3 devices
[    0.268024] clocksource: acpi_pm: mask: 0xffffff max_cycles: 0xffffff, max_idle_ns: 2085701024 ns
[    0.270138] NET: Registered protocol family 2
[    0.273026] TCP established hash table entries: 8192 (order: 4, 65536 bytes)
[    0.274517] TCP bind hash table entries: 8192 (order: 5, 131072 bytes)
[    0.275894] TCP: Hash tables configured (established 8192 bind 8192)
[    0.277319] UDP hash table entries: 512 (order: 2, 16384 bytes)
[    0.278564] UDP-Lite hash table entries: 512 (order: 2, 16384 bytes)
[    0.279929] NET: Registered protocol family 1
[    0.280910] pci 0000:00:00.0: Limiting direct PCI/PCI transfers
[    0.282348] pci 0000:00:01.0: Activating ISA DMA hang workarounds
[    0.283697] pci 0000:00:02.0: Video device with shadowed ROM at [mem 0x000c0000-0x000dffff]
[    0.285684] Unpacking initramfs...
[    0.570187] Freeing initrd memory: 19128K
[    0.571411] clocksource: tsc: mask: 0xffffffffffffffff max_cycles: 0x26eb3e3cc63, max_idle_ns: 440795236593 ns
[    0.573877] platform rtc_cmos: registered platform RTC device (no PNP device found)
[    0.575750] Scanning for low memory corruption every 60 seconds
[    0.577941] Initialise system trusted keyrings
[    0.579296] Key type blacklist registered
[    0.580334] workingset: timestamp_bits=36 max_order=18 bucket_order=0
[    0.582594] zbud: loaded
[    0.583638] squashfs: version 4.0 (2009/01/31) Phillip Lougher
[    0.585178] fuse init (API version 7.26)
[    0.588590] Key type asymmetric registered
[    0.589645] Asymmetric key parser 'x509' registered
[    0.590739] Block layer SCSI generic (bsg) driver version 0.4 loaded (major 246)
[    0.592498] io scheduler noop registered
[    0.593456] io scheduler deadline registered
[    0.594468] io scheduler cfq registered (default)
[    0.596394] ACPI: AC Adapter [AC] (on-line)
[    0.597379] input: Power Button as /devices/LNXSYSTM:00/LNXPWRBN:00/input/input0
[    0.599614] ACPI: Power Button [PWRF]
[    0.600707] input: Sleep Button as /devices/LNXSYSTM:00/LNXSLPBN:00/input/input1
[    0.602301] ACPI: Sleep Button [SLPF]
[    0.604166] Serial: 8250/16550 driver, 32 ports, IRQ sharing enabled
[    0.605309] ACPI: Battery Slot [BAT0] (battery present)
[    0.627582] 00:02: ttyS0 at I/O 0x3f8 (irq = 4, base_baud = 115200) is a 16550A
[    0.630699] Linux agpgart interface v0.103
[    0.632848] loop: module loaded
[    0.634313] scsi host0: ata_piix
[    0.635344] scsi host1: ata_piix
[    0.636356] ata1: PATA max UDMA/33 cmd 0x1f0 ctl 0x3f6 bmdma 0xd000 irq 14
[    0.637880] ata2: PATA max UDMA/33 cmd 0x170 ctl 0x376 bmdma 0xd008 irq 15
[    0.639492] libphy: Fixed MDIO Bus: probed
[    0.640696] tun: Universal TUN/TAP device driver, 1.6
[    0.642499] PPP generic driver version 2.4.2
[    0.643814] ehci_hcd: USB 2.0 'Enhanced' Host Controller (EHCI) Driver
[    0.645246] ehci-pci: EHCI PCI platform driver
[    0.646220] ehci-platform: EHCI generic platform driver
[    0.647341] ohci_hcd: USB 1.1 'Open' Host Controller (OHCI) Driver
[    0.648823] ohci-pci: OHCI PCI platform driver
[    0.649789] ohci-platform: OHCI generic platform driver
[    0.650910] uhci_hcd: USB Universal Host Controller Interface driver
[    0.652325] i8042: PNP: PS/2 Controller [PNP0303:PS2K,PNP0f03:PS2M] at 0x60,0x64 irq 1,12
[    0.654541] serio: i8042 KBD port at 0x60,0x64 irq 1
[    0.655659] serio: i8042 AUX port at 0x60,0x64 irq 12
[    0.657096] mousedev: PS/2 mouse device common for all mice
[    0.658536] input: AT Translated Set 2 keyboard as /devices/platform/i8042/serio0/input/input2
[    0.660924] rtc_cmos rtc_cmos: rtc core: registered rtc_cmos as rtc0
[    0.662816] rtc_cmos rtc_cmos: alarms up to one day, 114 bytes nvram
[    0.664759] i2c /dev entries driver
[    0.665895] device-mapper: uevent: version 1.0.3
[    0.667444] device-mapper: ioctl: 4.37.0-ioctl (2017-09-20) initialised: dm-devel@redhat.com
[    0.669608] ledtrig-cpu: registered to indicate activity on CPUs
[    0.671621] NET: Registered protocol family 10
[    0.676510] Segment Routing with IPv6
[    0.677441] NET: Registered protocol family 17
[    0.678623] Key type dns_resolver registered
[    0.679989] RAS: Correctable Errors collector initialized.
[    0.681372] sched_clock: Marking stable (681350263, 0)->(959627841, -278277578)
[    0.683489] registered taskstats version 1
[    0.684566] Loading compiled-in X.509 certificates
[    0.687938] Loaded X.509 cert 'Build time autogenerated kernel key: 1cc14bc8298a06d551159822c55fa35abd77a621'
[    0.690448] zswap: loaded using pool lzo/zbud
[    0.695604] Key type big_key registered
[    0.696601] Key type trusted registered
[    0.699263] Key type encrypted registered
[    0.700372] AppArmor: AppArmor sha1 policy hashing enabled
[    0.702424] ima: No TPM chip found, activating TPM-bypass! (rc=-19)
[    0.703918] ima: Allocated hash algorithm: sha1
[    0.705061] evm: HMAC attrs: 0x1
[    0.706117]   Magic number: 7:5:691
[    0.707055] rtc_cmos rtc_cmos: setting system clock to 2019-10-30 15:40:31 UTC (1572450031)
[    0.709240] BIOS EDD facility v0.16 2004-Jun-25, 0 devices found
[    0.710537] EDD information not available.
[    0.991743] Freeing unused kernel image memory: 2408K
[    1.011563] Write protecting the kernel read-only data: 20480k
[    1.013775] Freeing unused kernel image memory: 2008K
[    1.015331] Freeing unused kernel image memory: 1872K
[    1.022701] x86/mm: Checked W+X mappings: passed, no W+X pages found.
[    1.024215] x86/mm: Checking user space page tables
[    1.031397] x86/mm: Checked W+X mappings: passed, no W+X pages found.
Loading, please wait...
starting version 237
[    1.098020] e1000: Intel(R) PRO/1000 Network Driver - version 7.3.21-k8-NAPI
[    1.099862] e1000: Copyright (c) 1999-2006 Intel Corporation.
[    1.110326] Fusion MPT base driver 3.04.20
[    1.111322] Copyright (c) 1999-2008 LSI Corporation
[    1.125826] Fusion MPT SPI Host driver 3.04.20
[    1.127536] AVX2 version of gcm_enc/dec engaged.
[    1.128650] AES CTR mode by8 optimization enabled
[    1.325689] input: ImExPS/2 Generic Explorer Mouse as /devices/platform/i8042/serio1/input/input4
[    1.547571] e1000 0000:00:03.0 eth0: (PCI:33MHz:32-bit) 02:54:57:2b:5c:0a
[    1.549200] e1000 0000:00:03.0 eth0: Intel(R) PRO/1000 Network Connection
[    1.551940] mptbase: ioc0: Initiating bringup
[    1.551991] e1000 0000:00:03.0 enp0s3: renamed from eth0
[    1.652480] ioc0: LSI53C1030 A0: Capabilities={Initiator}
[    2.673564] scsi host2: ioc0: LSI53C1030 A0, FwRev=00000000h, Ports=1, MaxQ=256, IRQ=20
[    3.427794] scsi 2:0:0:0: Direct-Access     VBOX     HARDDISK         1.0  PQ: 0 ANSI: 5
[    3.464095] scsi target2:0:0: Beginning Domain Validation
[    3.469062] scsi target2:0:0: Domain Validation skipping write tests
[    3.471593] scsi target2:0:0: Ending Domain Validation
[    3.473893] scsi target2:0:0: asynchronous
[    3.476789] scsi 2:0:1:0: Direct-Access     VBOX     HARDDISK         1.0  PQ: 0 ANSI: 5
[    3.508908] scsi target2:0:1: Beginning Domain Validation
[    3.514607] random: fast init done
[    3.515612] scsi target2:0:1: Domain Validation skipping write tests
[    3.517030] scsi target2:0:1: Ending Domain Validation
[    3.518331] scsi target2:0:1: asynchronous
[    3.524316] random: systemd-udevd: uninitialized urandom read (16 bytes read)
[    3.526084] random: systemd-udevd: uninitialized urandom read (16 bytes read)
[    3.527579] random: systemd-udevd: uninitialized urandom read (16 bytes read)
[    3.529518] sd 2:0:0:0: Attached scsi generic sg0 type 0
[    3.529631] sd 2:0:0:0: [sda] 20971520 512-byte logical blocks: (10.7 GB/10.0 GiB)
[    3.529696] sd 2:0:0:0: [sda] Write Protect is off
[    3.529816] sd 2:0:0:0: [sda] Incomplete mode parameter data
[    3.529817] sd 2:0:0:0: [sda] Assuming drive cache: write through
[    3.537039] sd 2:0:1:0: [sdb] 20480 512-byte logical blocks: (10.5 MB/10.0 MiB)
[    3.538772]  sda: sda1
[    3.539395] sd 2:0:1:0: [sdb] Write Protect is off
[    3.540741] sd 2:0:1:0: Attached scsi generic sg1 type 0
[    3.541968] sd 2:0:1:0: [sdb] Incomplete mode parameter data
[    3.542374] sd 2:0:0:0: [sda] Attached SCSI disk
[    3.545088] sd 2:0:1:0: [sdb] Assuming drive cache: write through
[    3.549634] sd 2:0:1:0: [sdb] Attached SCSI disk
Begin: Loading essential drivers ... [    5.020061] raid6: sse2x1   gen() 10157 MB/s
[    5.068191] raid6: sse2x1   xor()  7046 MB/s
[    5.116114] raid6: sse2x2   gen() 11048 MB/s
[    5.164266] raid6: sse2x2   xor()  7638 MB/s
[    5.212234] raid6: sse2x4   gen() 14091 MB/s
[    5.260261] raid6: sse2x4   xor()  8924 MB/s
[    5.308305] raid6: avx2x1   gen() 18125 MB/s
[    5.356144] raid6: avx2x1   xor() 13026 MB/s
[    5.404385] raid6: avx2x2   gen() 22830 MB/s
[    5.452131] raid6: avx2x2   xor() 13509 MB/s
[    5.500511] raid6: avx2x4   gen() 26042 MB/s
[    5.548210] raid6: avx2x4   xor() 14922 MB/s
[    5.549279] raid6: using algorithm avx2x4 gen() 26042 MB/s
[    5.550549] raid6: .... xor() 14922 MB/s, rmw enabled
[    5.552379] raid6: using avx2x2 recovery algorithm
[    5.554306] xor: automatically using best checksumming function   avx       
[    5.557691] async_tx: api initialized (async)
done.
Begin: Running /scripts/init-premount ... done.
Begin: Mounting root file system ... Begin: Running /scripts/local-top ... done.
Begin: Running /scripts/local-premount ... [    5.603528] Btrfs loaded, crc32c=crc32c-intel
Scanning for Btrfs filesystems
done.
Warning: fsck not present, so skipping root file system
[    5.656468] EXT4-fs (sda1): mounted filesystem with ordered data mode. Opts: (null)
done.
Begin: Running /scripts/local-bottom ... done.
Begin: Running /scripts/init-bottom ... done.
[    5.923103] ip_tables: (C) 2000-2006 Netfilter Core Team
[    5.934835] systemd[1]: systemd 237 running in system mode. (+PAM +AUDIT +SELINUX +IMA +APPARMOR +SMACK +SYSVINIT +UTMP +LIBCRYPTSETUP +GCRYPT +GNUTLS +ACL +XZ +LZ4 +SECCOMP +BLKID +ELFUTILS +KMOD -IDN2 +IDN -PCRE2 default-hierarchy=hybrid)
[    5.939481] systemd[1]: Detected virtualization oracle.
[    5.940803] systemd[1]: Detected architecture x86-64.

Welcome to [1mUbuntu 18.04.2 LTS[0m!

[    5.975947] systemd[1]: Set hostname to <ubuntu>.
[    5.983300] systemd[1]: Initializing machine ID from random generator.
[    5.984840] systemd[1]: Installed transient /etc/machine-id file.
[    6.617394] systemd[1]: Reached target System Time Synchronized.
[[0;32m  OK  [0m] Reached target System Time Synchronized.
[    6.619916] systemd[1]: Reached target User and Group Name Lookups.
[[0;32m  OK  [0m] Reached target User and Group Name Lookups.
[    6.622763] systemd[1]: Started Forward Password Requests to Wall Directory Watch.
[[0;32m  OK  [0m] Started Forward Password Requests to Wall Directory Watch.
[    6.628373] systemd[1]: Created slice System Slice.
[[0;32m  OK  [0m] Created slice System Slice.
[[0;32m  OK  [0m] Listening on Journal Socket (/dev/log).
[[0;32m  OK  [0m] Listening on /dev/initctl Compatibility Named Pipe.
[[0;32m  OK  [0m] Listening on Device-mapper event daemon FIFOs.
[[0;32m  OK  [0m] Listening on Syslog Socket.
[[0;32m  OK  [0m] Created slice system-serial\x2dgetty.slice.
[[0;32m  OK  [0m] Listening on udev Kernel Socket.
[[0;32m  OK  [0m] Listening on LVM2 metadata daemon socket.
[[0;32m  OK  [0m] Listening on udev Control Socket.
[[0;32m  OK  [0m] Listening on Journal Socket.
         Starting Create list of required stâ€¦ce nodes for the current kernel...
         Mounting Huge Pages File System...
         Starting Uncomplicated firewall...
         Starting Set the console keyboard layout...
         Mounting Kernel Debug File System...
         Starting Monitoring of LVM2 mirrorsâ€¦ng dmeventd or progress polling...
         Starting udev Coldplug all Devices...
         Starting Load Kernel Modules...
         Mounting POSIX Message Queue File System...
         Starting Remount Root and Kernel File Systems...
[[0;32m  OK  [0m] Listening on Journal Audit Socket.
         Starting Journal Service...
[[0;32m  OK  [0m] Listening on LVM2 poll daemon socket.
[[0;32m  OK  [0m] Set up automount Arbitrary Executabâ€¦rmats File System Automount Point.
[    7.519029] Loading iSCSI transport class v2.0-870.
[    7.529632] iscsi: registered transport (tcp)
[    7.541901] EXT4-fs (sda1): re-mounted. Opts: (null)
[[0;32m  OK  [0m] Listening on Network Service Netlink Socket.
[[0;32m  OK  [0m] Reached target Swap.
[[0;32m  OK  [0m] Created slice User and Session Slice.
[[0;32m  OK  [0m] Reached target Slices.
[[0;32m  OK  [0m] Started Create list of required staâ€¦vice nodes for the current kernel.
[[0;32m  OK  [0m] Mounted Huge Pages File System.
[[0;32m  OK  [0m] Started Uncomplicated firewall.
[[0;32m  OK  [0m] Mounted Kernel Debug File System.
[[0;32m  OK  [0m] Mounted POSIX Message Queue File System.
[[0;32m  OK  [0m] Started Remount Root and Kernel File Systems.
[[0;32m  OK  [0m] Started LVM2 metadata daemon.
         Starting Load/Save Random Seed...
         Starting Create Static Device Nodes in /dev...
[[0;32m  OK  [0m] Started Journal Service.
         Starting Flush Journal to Persistent Storage...
[    7.687440] iscsi: registered transport (iser)
[[0;32m  OK  [0m] Started udev Coldplug all Devices.
[[0;32m  OK  [0m] Started Load Kernel Modules.
         Starting Apply Kernel Variables...
         Mounting FUSE Control File System...
         Mounting Kernel Configuration File System...
[[0;32m  OK  [0m] Mounted FUSE Control File System.
[[0;32m  OK  [0m] Mounted Kernel Configuration File System.
[[0;32m  OK  [0m] Started Create Static Device Nodes in /dev.
         Starting udev Kernel Device Manager...
[    7.768253] systemd-journald[408]: Received request to flush runtime journal from PID 1
[[0;32m  OK  [0m] Started Set the console keyboard layout.
[[0;32m  OK  [0m] Started Load/Save Random Seed.
[[0;32m  OK  [0m] Started Apply Kernel Variables.
[[0;32m  OK  [0m] Started Flush Journal to Persistent Storage.
[[0;32m  OK  [0m] Started Monitoring of LVM2 mirrors,â€¦sing dmeventd or progress polling.
[[0;32m  OK  [0m] Reached target Local File Systems (Pre).
[[0;32m  OK  [0m] Reached target Local File Systems.
         Starting ebtables ruleset management...
         Starting AppArmor initialization...
         Starting Set console font and keymap...
         Starting Tell Plymouth To Write Out Runtime Data...
         Starting Create Volatile Files and Directories...
         Starting Commit a transient machine-id on disk...
[[0;32m  OK  [0m] Started udev Kernel Device Manager.
[[0;32m  OK  [0m] Started Dispatch Password Requests to Console Directory Watch.
[[0;32m  OK  [0m] Reached target Local Encrypted Volumes.
[[0;32m  OK  [0m] Started Set console font and keymap.
[[0;32m  OK  [0m] Started Tell Plymouth To Write Out Runtime Data.
[[0;32m  OK  [0m] Started Create Volatile Files and Directories.
         Starting Update UTMP about System Boot/Shutdown...
[[0;32m  OK  [0m] Started Update UTMP about System Boot/Shutdown.
[[0;32m  OK  [0m] Started Commit a transient machine-id on disk.
[[0;32m  OK  [0m] Started ebtables ruleset management.
[[0;32m  OK  [0m] Found device /dev/ttyS0.
[[0;32m  OK  [0m] Listening on Load/Save RF Kill Switch Status /dev/rfkill Watch.
[[0;32m  OK  [0m] Started AppArmor initialization.
         Starting Initial cloud-init job (pre-networking)...
[   12.030963] cloud-init[553]: Cloud-init v. 19.1-1-gbaa47854-0ubuntu1~18.04.1 running 'init-local' at Wed, 30 Oct 2019 15:40:42 +0000. Up 11.53 seconds.
[[0;32m  OK  [0m] Started Initial cloud-init job (pre-networking).
[[0;32m  OK  [0m] Reached target Network (Pre).
         Starting Network Service...
[[0;32m  OK  [0m] Started Network Service.
         Starting Network Name Resolution...
         Starting Wait for Network to be Configured...
[[0;32m  OK  [0m] Started Network Name Resolution.
[[0;32m  OK  [0m] Reached target Host and Network Name Lookups.
[[0;32m  OK  [0m] Reached target Network.
[[0;32m  OK  [0m] Started Wait for Network to be Configured.
         Starting Initial cloud-init job (metadata service crawler)...
[   14.078662] cloud-init[669]: Cloud-init v. 19.1-1-gbaa47854-0ubuntu1~18.04.1 running 'init' at Wed, 30 Oct 2019 15:40:44 +0000. Up 13.80 seconds.
[   14.082607] cloud-init[669]: ci-info: ++++++++++++++++++++++++++++++++++++++Net device info++++++++++++++++++++++++++++++++++++++
[   14.087323] cloud-init[669]: ci-info: +--------+------+----------------------------+---------------+--------+-------------------+
[   14.120705] cloud-init[669]: ci-info: | Device |  Up  |          Address           |      Mask     | Scope  |     Hw-Address    |
[   14.124229] cloud-init[669]: ci-info: +--------+------+----------------------------+---------------+--------+-------------------+
[   14.129442] cloud-init[669]: ci-info: | enp0s3 | True |         10.0.2.15          | 255.255.255.0 | global | 02:54:57:2b:5c:0a |
[   14.133630] cloud-init[669]: ci-info: | enp0s3 | True | fe80::54:57ff:fe2b:5c0a/64 |       .       |  link  | 02:54:57:2b:5c:0a |
[   14.137083] cloud-init[669]: ci-info: |   lo   | True |         127.0.0.1          |   255.0.0.0   |  host  |         .         |
[   14.142018] cloud-init[669]: ci-info: |   lo   | True |          ::1/128           |       .       |  host  |         .         |
[   14.145339] cloud-init[669]: ci-info: +--------+------+----------------------------+---------------+--------+-------------------+
[   14.149206] cloud-init[669]: ci-info: ++++++++++++++++++++++++++++Route IPv4 info+++++++++++++++++++++++++++++
[   14.156860] cloud-init[669]: ci-info: +-------+-------------+----------+-----------------+-----------+-------+
[   14.163668] cloud-init[669]: ci-info: | Route | Destination | Gateway  |     Genmask     | Interface | Flags |
[   14.185131] cloud-init[669]: ci-info: +-------+-------------+----------+-----------------+-----------+-------+
[   14.188107] cloud-init[669]: ci-info: |   0   |   0.0.0.0   | 10.0.2.2 |     0.0.0.0     |   enp0s3  |   UG  |
[   14.190808] cloud-init[669]: ci-info: |   1   |   10.0.2.0  | 0.0.0.0  |  255.255.255.0  |   enp0s3  |   U   |
[   14.202902] cloud-init[669]: ci-info: |   2   |   10.0.2.2  | 0.0.0.0  | 255.255.255.255 |   enp0s3  |   UH  |
[   14.230434] cloud-init[669]: ci-info: +-------+-------------+----------+-----------------+-----------+-------+
[   14.246871] cloud-init[669]: ci-info: +++++++++++++++++++Route IPv6 info+++++++++++++++++++
[   14.252435] cloud-init[669]: ci-info: +-------+-------------+---------+-----------+-------+
[   14.285627] cloud-init[669]: ci-info: | Route | Destination | Gateway | Interface | Flags |
[   14.324511] cloud-init[669]: ci-info: +-------+-------------+---------+-----------+-------+
[   14.333983] cloud-init[669]: ci-info: |   1   |  fe80::/64  |    ::   |   enp0s3  |   U   |
[   14.355817] cloud-init[669]: ci-info: |   3   |    local    |    ::   |   enp0s3  |   U   |
[   14.369905] cloud-init[669]: ci-info: |   4   |   ff00::/8  |    ::   |   enp0s3  |   U   |
[   14.372196] cloud-init[669]: ci-info: +-------+-------------+---------+-----------+-------+
[   15.365760] cloud-init[669]: Generating public/private rsa key pair.
[   15.367284] cloud-init[669]: Your identification has been saved in /etc/ssh/ssh_host_rsa_key.
[   15.369266] cloud-init[669]: Your public key has been saved in /etc/ssh/ssh_host_rsa_key.pub.
[   15.371679] cloud-init[669]: The key fingerprint is:
[   15.374199] cloud-init[669]: SHA256:EdnRKYmetc+LpFT4E5FQzy8/T1uCYbRJE+GKa6VuCHU root@ubuntu-bionic
[   15.383729] cloud-init[669]: The key's randomart image is:
[   15.389886] cloud-init[669]: +---[RSA 2048]----+
[   15.393249] cloud-init[669]: |        o*o=oo   |
[   15.394782] cloud-init[669]: |        o.B+o.   |
[   15.396381] cloud-init[669]: |       ..+ +B    |
[   15.398006] cloud-init[669]: |      . Eo++ =   |
[   15.399696] cloud-init[669]: |     . .Soo+* .  |
[   15.401368] cloud-init[669]: |    .   .++.o=   |
[   15.402939] cloud-init[669]: |     . o+o o..+ o|
[   15.404618] cloud-init[669]: |      .oo . .  =o|
[   15.407632] cloud-init[669]: |       ..      ..|
[   15.412105] cloud-init[669]: +----[SHA256]-----+
[   15.413379] cloud-init[669]: Generating public/private dsa key pair.
[   15.415134] cloud-init[669]: Your identification has been saved in /etc/ssh/ssh_host_dsa_key.
[   15.417773] cloud-init[669]: Your public key has been saved in /etc/ssh/ssh_host_dsa_key.pub.
[   15.420334] cloud-init[669]: The key fingerprint is:
[   15.421826] cloud-init[669]: SHA256:k/DrTqOSPQyTHYSAd8ZhTFs1dMTXZ7UOs3ST7eT+TEk root@ubuntu-bionic
[   15.424484] cloud-init[669]: The key's randomart image is:
[   15.426038] cloud-init[669]: +---[DSA 1024]----+
[   15.427589] cloud-init[669]: | ..=+o.o+oo  .  o|
[   15.428807] cloud-init[669]: |. ..*o.  o. . . *|
[   15.429875] cloud-init[669]: | . o...    . + Bo|
[   15.430873] cloud-init[669]: |      .o .  . *+.|
[   15.432960] cloud-init[669]: |     o .S    . Eo|
[   15.434473] cloud-init[669]: |    + .  o    ...|
[   15.435998] cloud-init[669]: |     *  +      .o|
[   15.437546] cloud-init[669]: |    o ++ .     o.|
[   15.439029] cloud-init[669]: |     ..oo       o|
[   15.452486] cloud-init[669]: +----[SHA256]-----+
[   15.454168] cloud-init[669]: Generating public/private ecdsa key pair.
[   15.456277] cloud-init[669]: Your identification has been saved in /etc/ssh/ssh_host_ecdsa_key.
[   15.458781] cloud-init[669]: Your public key has been saved in /etc/ssh/ssh_host_ecdsa_key.pub.[[0;32m  OK  [0m] Started Initial cloud-init job (metadata service crawler).
[[0;32m  OK  [0m] Reached target System Initialization.
[[0;32m  OK  [0m] Listening on D-Bus System Message Bus Socket.
         Starting Socket activation for snappy daemon.
[[0;32m  OK  [0m] Listening on ACPID Listen Socket.
[[0;32m  OK  [0m] Started Daily Cleanup of Temporary Directories.
[[0;32m  OK  [0m] Listening on Open-iSCSI iscsid Socket.
[[0;32m  OK  [0m] Started Daily apt download activities.
[[0;32m  OK  [0m] Started Daily apt upgrade and clean activities.

         Starting LXD - unix socket.
[   15.488284] cloud-init[669]: The key fingerprint is:
[   15.489875] cloud-init[669]: SHA256:omhS/uj8WsdFVp0IlBLk/SFd/N195QnRZOTs4vtCUcw root@ubuntu-bionic
[   15.491809] cloud-init[669]: The key's randomart image is:
[   15.493079] cloud-init[669]: +---[ECDSA 256]---+
[   15.493190] cloud-init[669]: |     .oooo.+.oB+ |
[   15.494399] cloud-init[669]: |     ....o..+.+E.|
[[   15.495517] cloud-init[669]: |      ..= o  .o==|
[   15.495594] cloud-init[669]: |       o o . .o.*|
[   15.496625] cloud-init[669]: |  .   . S .  ....|
[   15.497666] cloud-init[669]: | o . o o    ...  |
[   15.498684] cloud-init[669]: |. + o o     ..   |
[   15.498930] cloud-init[669]: | + + .       ..  |
[   15.499581] cloud-init[669]: | .=oo        .o. |
[   15.501051] cloud-init[669]: +----[SHA256]-----+
[   15.501162] cloud-init[669]: Generating public/private ed25519 key pair.
[   15.502792] cloud-init[669]: Your identification has been saved in /etc/ssh/ssh_host_ed25519_key.
[   15.504072] cloud-init[669]: Your public key has been saved in /etc/ssh/ssh_host_ed25519_key.pub.
[   15.507063] cloud-init[669]: The key fingerprint is:
[   15.509580] cloud-init[669]: SHA256:6lQWrkTwGttTeeNVIwXYC3NVzGcAatCg1eCC7uDhGWY root@ubuntu-bionic
[   15.509994] cloud-init[669]: The key's randomart image is:
[   15.512507] cloud-init[669]: +--[ED25519 256]--+
[   15.513153] cloud-init[669]: |    .   == o+=*=.|
[0;32m  OK  [0m[   15.515291] cloud-init[669]: |     + + o*.oo .=|
[   15.515548] cloud-init[669]: |    o = = =+.. ..|
[   15.517065] cloud-init[669]: |   . * + = o.    |
[   15.518187] cloud-init[669]: |  E + + S .      |
[   15.518963] cloud-init[669]: | = * . *         |
[   15.519009] cloud-init[669]: |  + . +          |
[   15.521309] cloud-init[669]: |     o           |
] [   15.522645] cloud-init[669]: |      .          |
[   15.523300] cloud-init[669]: +----[SHA256]-----+
Started Message of the Day.
[[0;32m  OK  [0m] Listening on UUID daemon activation socket.
[[0;32m  OK  [0m] Started ACPI Events Check.
[[0;32m  OK  [0m] Reached target Paths.
[[0;32m  OK  [0m] Started Discard unused blocks once a week.
[[0;32m  OK  [0m] Reached target Timers.
[[0;32m  OK  [0m] Reached target Cloud-config availability.
[[0;32m  OK  [0m] Reached target Network is Online.
[[0;32m  OK  [0m] Reached target Remote File Systems (Pre).
[[0;32m  OK  [0m] Reached target Remote File Systems.
         Starting Availability of block devices...
[[0;32m  OK  [0m] Listening on Socket activation for snappy daemon.
[[0;32m  OK  [0m] Listening on LXD - unix socket.
[[0;32m  OK  [0m] Started Availability of block devices.
[[0;32m  OK  [0m] Reached target Sockets.
[[0;32m  OK  [0m] Reached target Basic System.
         Starting LSB: automatic crash report generation...
         Starting Dispatcher daemon for systemd-networkd...
[[0;32m  OK  [0m] Started FUSE filesystem for LXC.
[[0;32m  OK  [0m] Started irqbalance daemon.
         Starting Pollinate to seed the pseudo random number generator...
         Starting Login Service...
         Starting Accounts Service...
         Starting LXD - container startup/shutdown...
         Starting Virtualbox guest utils...
[[0;32m  OK  [0m] Started Deferred execution scheduler.
         Starting Permit User Sessions...
         Starting System Logging Service...
[[0;32m  OK  [0m] Started D-Bus System Message Bus.
[[0;32m  OK  [0m] Started Login Service.
[[0;32m  OK  [0m] Started Regular background program processing daemon.
         Starting LSB: Record successful boot for GRUB...
[[0;32m  OK  [0m] Started Unattended Upgrades Shutdown.
         Starting Snappy daemon...
[[0;32m  OK  [0m] Started System Logging Service.
[[0;32m  OK  [0m] Started Permit User Sessions.
         Starting Authorization Manager...
         Starting Hold until boot process finishes up...
         Starting Terminate Plymouth Boot Screen...
[[0;32m  OK  [0m] Started Hold until boot process finishes up.
[[0;32m  OK  [0m] Started Serial Getty on ttyS0.
         Starting Set console scheme...
[[0;32m  OK  [0m] Started Terminate Plymouth Boot Screen.
[[0;32m  OK  [0m] Started LSB: automatic crash report generation.
[[0;32m  OK  [0m] Started Set console scheme.
[[0;32m  OK  [0m] Created slice system-getty.slice.
[[0;32m  OK  [0m] Started Getty on tty1.
[[0;32m  OK  [0m] Reached target Login Prompts.
[[0;32m  OK  [0m] Started Dispatcher daemon for systemd-networkd.
[[0;32m  OK  [0m] Started LSB: Record successful boot for GRUB.
[[0;32m  OK  [0m] Started Authorization Manager.
[[0;32m  OK  [0m] Started Accounts Service.
[[0;32m  OK  [0m] Started Virtualbox guest utils.
[[0;32m  OK  [0m] Started LXD - container startup/shutdown.
[[0;32m  OK  [0m] Started Snappy daemon.
         Starting Wait until snapd is fully seeded...
[[0;32m  OK  [0m] Started Pollinate to seed the pseudo random number generator.
         Starting OpenBSD Secure Shell server...
[[0;32m  OK  [0m] Started OpenBSD Secure Shell server.
[[0;32m  OK  [0m] Created slice User Slice of vagrant.
         Starting User Manager for UID 1000...
[[0;32m  OK  [0m] Started Session 1 of user vagrant.
[[0;32m  OK  [0m] Started User Manager for UID 1000.

Ubuntu 18.04.2 LTS ubuntu-bionic ttyS0

ubuntu-bionic login: [   24.508442] cloud-init[1481]: Cloud-init v. 19.1-1-gbaa47854-0ubuntu1~18.04.1 running 'modules:config' at Wed, 30 Oct 2019 15:40:54 +0000. Up 23.88 seconds.
ci-info: no authorized ssh keys fingerprints found for user ubuntu.
<14>Oct 30 15:40:56 ec2: 
<14>Oct 30 15:40:56 ec2: #############################################################
<14>Oct 30 15:40:56 ec2: -----BEGIN SSH HOST KEY FINGERPRINTS-----
<14>Oct 30 15:40:56 ec2: 1024 SHA256:k/DrTqOSPQyTHYSAd8ZhTFs1dMTXZ7UOs3ST7eT+TEk root@ubuntu-bionic (DSA)
<14>Oct 30 15:40:56 ec2: 256 SHA256:omhS/uj8WsdFVp0IlBLk/SFd/N195QnRZOTs4vtCUcw root@ubuntu-bionic (ECDSA)
<14>Oct 30 15:40:56 ec2: 256 SHA256:6lQWrkTwGttTeeNVIwXYC3NVzGcAatCg1eCC7uDhGWY root@ubuntu-bionic (ED25519)
<14>Oct 30 15:40:56 ec2: 2048 SHA256:EdnRKYmetc+LpFT4E5FQzy8/T1uCYbRJE+GKa6VuCHU root@ubuntu-bionic (RSA)
<14>Oct 30 15:40:56 ec2: -----END SSH HOST KEY FINGERPRINTS-----
<14>Oct 30 15:40:56 ec2: #############################################################
-----BEGIN SSH HOST KEY KEYS-----
ecdsa-sha2-nistp256 AAAAE2VjZHNhLXNoYTItbmlzdHAyNTYAAAAIbmlzdHAyNTYAAABBBG3L9Q+s7N7hYVEaK1AhvXtjiVvAXWFDlh+FlhxaGBLc57UU38gFbwQRPtZefpCN0lynyU6fWlwp72eFA1nJsIo= root@ubuntu-bionic
ssh-ed25519 AAAAC3NzaC1lZDI1NTE5AAAAIIPgVw4i5EEiollyeUkhUtpZNFN/l34GPbXmZn4iXnFg root@ubuntu-bionic
ssh-rsa AAAAB3NzaC1yc2EAAAADAQABAAABAQDLuUzeINJJdzHPoDOlvNSrZX7S/rC7LaMIc2oC0hqXDkY7k5VFOOpAqsniQOfP2iUA/isFMDYebOJ4XpP5Y11jIcGFOpLLI8pF2HcHEY+aFLiDDuxPI/gm9HBFEvyaCyVw9IBfm0OmuYV/rc74teFs3wxFwxtFC3AiQnQ7ZUS0aNeFE7OcjyhxFyo3Hk/mEicvh1cpFZ3dwgm2q8Ezs8AIQ/Rls2x+ZhSyDcQY0fCaaoE40b4eiu3EusL25Wh0pIuY5x6U99kZjWzRh+I8t5iEgke8nli3PogDJpMTu1zK+UwBvGa+LMYTGpj3GAoby3HiuHD+58POWmQmAuBGt2v3 root@ubuntu-bionic
-----END SSH HOST KEY KEYS-----
[   25.693492] cloud-init[1602]: Cloud-init v. 19.1-1-gbaa47854-0ubuntu1~18.04.1 running 'modules:final' at Wed, 30 Oct 2019 15:40:56 +0000. Up 25.38 seconds.
[   25.693650] cloud-init[1602]: ci-info: no authorized ssh keys fingerprints found for user ubuntu.
[   25.698512] cloud-init[1602]: Cloud-init v. 19.1-1-gbaa47854-0ubuntu1~18.04.1 finished at Wed, 30 Oct 2019 15:40:56 +0000. Datasource DataSourceNoCloud [seed=/dev/sdb][dsmode=net].  Up 25.68 seconds
